[gaminggadgets.com/us/online-casinos/index.html]
[backblue.gif]
[fade.gif]
[index.html]
[gaminggadgets.com/wp-content/uploads/2023/02/Best-Real-Money-Online-Casinos-USA.png]
[gaminggadgets.com/us/wp-includes/css/dist/block-library/style.min6a4d.css]
[gaminggadgets.com/us/wp-content/plugins/ultimate-blocks/dist/blocks.style.build2a47.css]
[gaminggadgets.com/us/wp-includes/css/classic-themes.min68b3.css]
[gaminggadgets.com/us/wp-content/plugins/apex-plugin/css/style6a4d.css]
[gaminggadgets.com/us/wp-content/plugins/wp-user-avatar/assets/css/frontend.min67d0.css]
[gaminggadgets.com/us/wp-content/plugins/wp-user-avatar/assets/flatpickr/flatpickr.min67d0.css]
[gaminggadgets.com/us/wp-content/plugins/wp-user-avatar/assets/select2/select2.min6a4d.css]
[gaminggadgets.com/us/wp-content/themes/publisher-child/stylef269.css]
[gaminggadgets.com/us/wp-includes/js/jquery/jquery.mina7a0.js]
[gaminggadgets.com/us/wp-includes/js/jquery/jquery-migrate.mind617.js]
[gaminggadgets.com/us/wp-content/plugins/wp-user-avatar/assets/flatpickr/flatpickr.min67d0.js]
[gaminggadgets.com/us/wp-content/plugins/wp-user-avatar/assets/select2/select2.min67d0.js]
[gaminggadgets.com/wp-content/uploads/2022/12/gg-favicon-16.jpg]
[gaminggadgets.com/wp-content/uploads/2022/12/gg-favicon-57.jpg]
[gaminggadgets.com/wp-content/uploads/2022/12/gg-favicon-114.jpg]
[gaminggadgets.com/wp-content/uploads/2022/12/gg-favicon-72.jpg]
[gaminggadgets.com/wp-content/uploads/2022/12/gg-favicon-144.jpg]
[gaminggadgets.com/us/wp-content/bs-booster-cache/35270ba6e23894bb4a9c1742210575ad.css]
[gaminggadgets.com/us/wp-content/bs-booster-cache/4972c0bb70837d147acd4a01ba6e9f44.css]
[gaminggadgets.com/wp-content/uploads/2023/02/21-gamble-responsibly.png]
[gaminggadgets.com/wp-content/uploads/2022/12/gaminggadgets-logo.png]
[gaminggadgets.com/us/wp-content/uploads/sites/5/2023/02/canada.png]
[gaminggadgets.com/us/online-casinos/bonus/index.html]
[gaminggadgets.com/us/wp-content/uploads/sites/5/2023/02/united-states.png]
[gaminggadgets.com/us/online-casinos/bovada/index.html]
[gaminggadgets.com/us/online-casinos/1-deposit/index.html]
[gaminggadgets.com/us/wp-content/uploads/sites/5/2023/02/germany.png]
[gaminggadgets.com/us/online-casinos/blackjack/index.html]
[gaminggadgets.com/us/online-casinos/apps/blackjack/index.html]
[gaminggadgets.com/wp-content/uploads/2023/02/brett-chatz-41.jpg]
[gaminggadgets.com/wp-content/uploads/2023/01/Wild-Casino-Welcome-HP.jpg]
[gaminggadgets.com/us/online-casinos/bitcoin-cash/index.html]
[gaminggadgets.com/wp-content/uploads/2023/01/Las-Atlantis-Welcome-HP.jpg]
[gaminggadgets.com/wp-content/uploads/2023/01/Betonline-Welcome-HP.jpg]
[gaminggadgets.com/wp-content/uploads/2023/01/MyBookie-Welcome-HP.jpg]
[gaminggadgets.com/wp-content/uploads/2023/01/Bovada-Welcome-HP.jpg]
[gaminggadgets.com/wp-content/uploads/2023/01/SuperSlots-Welcome-HP.jpg]
[gaminggadgets.com/wp-content/uploads/2023/01/XBET-Welcome-HP.jpg]
[gaminggadgets.com/wp-content/uploads/2023/01/Everygame-Welcome-HP-1.jpg]
[gaminggadgets.com/wp-content/uploads/2023/01/Sportsbetting-Welcome-HP.jpg]
[gaminggadgets.com/wp-content/uploads/2023/01/Wild-Casino-Mobile-HP-475x1024.jpg]
[gaminggadgets.com/wp-content/uploads/2023/02/Step-1-1-2-510x1024.jpg]
[gaminggadgets.com/wp-content/uploads/2023/01/Step-5-486x1024.jpg]
[gaminggadgets.com/wp-content/uploads/2023/02/Wild-Casino-Start-Playing-500x1024.jpg]
[gaminggadgets.com/wp-content/uploads/2023/02/begambleaware.png]
[gaminggadgets.com/us/wp-content/plugins/wp-user-avatar/assets/js/frontend.min67d0.js]
[gaminggadgets.com/us/wp-content/bs-booster-cache/9a6f8c00b1bbc0fefbcc44096590aea96a4d.js]
[gaminggadgets.com/us/online-casinos/index.html]
[gaminggadgets.com/us/wp-includes/css/dist/block-library/style.min6a4d.css]
[gaminggadgets.com/us/wp-content/plugins/wp-rocket/assets/js/lazyload/17.5/lazyload.min.js]
[gaminggadgets.com/us/wp-content/plugins/ultimate-blocks/src/blocks/click-to-tweet/icons/sprite-twitter.png]
[gaminggadgets.com/us/wp-content/plugins/ultimate-blocks/dist/blocks.style.build2a47.css]
[gaminggadgets.com/us/wp-includes/css/classic-themes.min68b3.css]
[gaminggadgets.com/us/wp-content/plugins/apex-plugin/css/style6a4d.css]
[gaminggadgets.com/us/wp-content/plugins/apex-plugin/css/style-gaminggadgets6a4d.css]
[gaminggadgets.com/us/wp-content/plugins/wp-user-avatar/assets/css/material-icons/MaterialIcons-Regular.woff2]
[gaminggadgets.com/us/wp-content/plugins/wp-user-avatar/assets/css/material-icons/MaterialIcons-Regular.woff]
[gaminggadgets.com/us/wp-content/plugins/wp-user-avatar/assets/images/frontend/arrow-down.png]
[gaminggadgets.com/us/wp-content/plugins/wp-user-avatar/assets/css/frontend.min67d0.css]
[gaminggadgets.com/us/wp-content/plugins/wp-user-avatar/assets/flatpickr/flatpickr.min67d0.css]
[gaminggadgets.com/us/wp-content/plugins/wp-user-avatar/assets/select2/select2.min6a4d.css]
[gaminggadgets.com/us/wp-content/themes/publisher-child/stylef269.css]
[gaminggadgets.com/us/online-casinos/gaminggadgets.com/nz/online-casinos/index.html]
[gaminggadgets.com/us/wp-content/themes/publisher/includes/libs/better-framework/assets/img/pretty-photo-loader.gif]
[gaminggadgets.com/us/wp-content/bs-booster-cache/4972c0bb70837d147acd4a01ba6e9f44.css]
[gaminggadgets.com/wp-content/uploads/2022/12/gg-main-bg-1080.jpg.jpg]
[gaminggadgets.com/wp-content/uploads/2022/12/gg-header-bg-hd.jpg]
[gaminggadgets.com/us/wp-content/bs-booster-cache/35270ba6e23894bb4a9c1742210575ad.css]
[gaminggadgets.com/wp-content/uploads/2023/02/Best-Online-Casino-Bonuses-_-Promotions.png]
[gaminggadgets.com/wp-content/uploads/2023/02/Wild-Casino-Mobile-Promo-Page-506x1024.jpg]
[gaminggadgets.com/wp-content/uploads/2023/02/Step-1-1-1-510x1024.jpg]
[gaminggadgets.com/us/online-casinos/bonus/index.html]
[gaminggadgets.com/wp-content/uploads/2023/02/Bovada-Casino-Review-_-Promo-Codes.png]
[gaminggadgets.com/us/online-casinos/bovada/index.html]
[gaminggadgets.com/wp-content/uploads/2023/02/Best-1-Deposit-Online-Casinos-USA.png]
[gaminggadgets.com/us/online-casinos/1-deposit/index.html]
[gaminggadgets.com/wp-content/uploads/2023/02/Best-Blackjack-Casinos-for-Real-Money.png]
[gaminggadgets.com/wp-content/uploads/2023/01/Slots-Empire-Welcome-HP.jpg]
[gaminggadgets.com/wp-content/uploads/2023/01/Step-1-510x1024.png]
[gaminggadgets.com/wp-content/uploads/2023/01/Step-6-474x1024.jpg]
[gaminggadgets.com/us/online-casinos/blackjack/index.html]
[gaminggadgets.com/wp-content/uploads/2023/02/Best-Mobile-Blackjack-Apps.png]
[gaminggadgets.com/wp-content/uploads/2023/01/Las-Atlantis-Mobile-HP-478x1024.jpg]
[gaminggadgets.com/wp-content/uploads/2023/01/Betonline-Casino-Mobile-HP-469x1024.jpg]
[gaminggadgets.com/wp-content/uploads/2023/01/MyBookie-Mobile-HP-481x1024.jpg]
[gaminggadgets.com/wp-content/uploads/2023/01/Bovada-Casino-Mobile-HP-471x1024.jpg]
[gaminggadgets.com/wp-content/uploads/2023/01/SuperSlots-Mobile-HP-471x1024.jpg]
[gaminggadgets.com/wp-content/uploads/2023/01/Everygame-Red-Casino-Mobile-HP-474x1024.jpg]
[gaminggadgets.com/wp-content/uploads/2023/01/Sportsbetting-Mobile-HP-486x1024.jpg]
[gaminggadgets.com/wp-content/uploads/2023/01/BetUS-Casino-Mobile-HP-478x1024.jpg]
[gaminggadgets.com/wp-content/uploads/2023/01/Xbet-Mobile-HP-480x1024.jpg]
[gaminggadgets.com/us/online-casinos/apps/blackjack/index.html]
[gaminggadgets.com/wp-content/uploads/2023/02/Best-Bitcoin-Cash-Casinos.png]
[gaminggadgets.com/wp-content/uploads/2023/01/BetUS-Welcome-HP.jpg]
[gaminggadgets.com/us/online-casinos/bitcoin-cash/index.html]
